[jituchauhan.com/physiotherapy/carewell/index.html]
[backblue.gif]
[fade.gif]
[index.html]
[jituchauhan.com/physiotherapy/carewell/css/bootstrap.min.css]
[jituchauhan.com/physiotherapy/carewell/css/style.css]
[jituchauhan.com/physiotherapy/carewell/css/animsition.min.css]
[jituchauhan.com/physiotherapy/carewell/css/font-awesome.min.css]
[jituchauhan.com/physiotherapy/carewell/css/slick.css]
[jituchauhan.com/physiotherapy/carewell/css/slick-theme.css]
[jituchauhan.com/physiotherapy/carewell/css/fontello.css]
[jituchauhan.com/physiotherapy/carewell/images/favicon.ico]
[jituchauhan.com/physiotherapy/carewell/images/logo.png]
[jituchauhan.com/physiotherapy/carewell/index.html]
[jituchauhan.com/physiotherapy/carewell/about-us.html]
[jituchauhan.com/physiotherapy/carewell/about-us.html]
[jituchauhan.com/physiotherapy/carewell/service-listing-image.html]
[jituchauhan.com/physiotherapy/carewell/service-home-health-care.html]
[jituchauhan.com/physiotherapy/carewell/service-pediatric-care.html]
[jituchauhan.com/physiotherapy/carewell/service-companion-care.html]
[jituchauhan.com/physiotherapy/carewell/Complex-Needs.html]
[jituchauhan.com/physiotherapy/carewell/team-listing.html]
[jituchauhan.com/physiotherapy/carewell/team-detail.html]
[jituchauhan.com/physiotherapy/carewell/blog.html]
[jituchauhan.com/physiotherapy/carewell/blog-detail.html]
[jituchauhan.com/physiotherapy/carewell/career-list.html]
[jituchauhan.com/physiotherapy/carewell/career-details.html]
[jituchauhan.com/physiotherapy/carewell/fees.html]
[jituchauhan.com/physiotherapy/carewell/faq.html]
[jituchauhan.com/physiotherapy/carewell/partner.html]
[jituchauhan.com/physiotherapy/carewell/testimonials.html]
[jituchauhan.com/physiotherapy/carewell/error-page.html]
[jituchauhan.com/physiotherapy/carewell/shortcodes-accordion.html]
[jituchauhan.com/physiotherapy/carewell/shortcodes-tabs.html]
[jituchauhan.com/physiotherapy/carewell/shortcodes-alerts.html]
[jituchauhan.com/physiotherapy/carewell/shortcodes-columns.html]
[jituchauhan.com/physiotherapy/carewell/shortcodes-buttons.html]
[jituchauhan.com/physiotherapy/carewell/contact-us.html]
[jituchauhan.com/physiotherapy/carewell/location.html]
[jituchauhan.com/physiotherapy/carewell/images/slider-1.jpg]
[jituchauhan.com/physiotherapy/carewell/images/slider-2.jpg]
[jituchauhan.com/physiotherapy/carewell/images/slider-3.jpg]
[jituchauhan.com/physiotherapy/carewell/repair-team.html]
[jituchauhan.com/physiotherapy/carewell/images/service-1.jpg]
[jituchauhan.com/physiotherapy/carewell/images/service-2.jpg]
[jituchauhan.com/physiotherapy/carewell/images/service-3.jpg]
[jituchauhan.com/physiotherapy/carewell/service-companion-care]
[jituchauhan.com/physiotherapy/carewell/service-conditions.html]
[jituchauhan.com/physiotherapy/carewell/images/service-4.jpg]
[jituchauhan.com/physiotherapy/carewell/images/blog-small-1.jpg]
[jituchauhan.com/physiotherapy/carewell/images/blog-small-2.jpg]
[jituchauhan.com/physiotherapy/carewell/images/blog-small-3.jpg]
[jituchauhan.com/physiotherapy/carewell/images/insurance-logo-1.png]
[jituchauhan.com/physiotherapy/carewell/images/insurance-logo-2.png]
[jituchauhan.com/physiotherapy/carewell/images/insurance-logo-3.png]
[jituchauhan.com/physiotherapy/carewell/images/insurance-logo-4.png]
[ajax.googleapis.com/ajax/libs/jquery/1.11.3/jquery.min.js]
[jituchauhan.com/physiotherapy/carewell/js/bootstrap.min.js]
[jituchauhan.com/physiotherapy/carewell/js/nav.js]
[jituchauhan.com/physiotherapy/carewell/js/animsition.js]
[jituchauhan.com/physiotherapy/carewell/js/animsition-script.js]
[jituchauhan.com/physiotherapy/carewell/js/jquery.sticky.js]
[jituchauhan.com/physiotherapy/carewell/js/sticky-header.js]
[jituchauhan.com/physiotherapy/carewell/js/slick.min.js]
[jituchauhan.com/physiotherapy/carewell/js/slider.js]
[jituchauhan.com/physiotherapy/carewell/index.html]
[jituchauhan.com/physiotherapy/carewell/js/back-to-top.js]
[jituchauhan.com/physiotherapy/carewell/fonts/glyphicons-halflings-regular.eot]
[jituchauhan.com/physiotherapy/carewell/fonts/glyphicons-halflings-regulard41d.eot]
[jituchauhan.com/physiotherapy/carewell/fonts/glyphicons-halflings-regular.woff2]
[jituchauhan.com/physiotherapy/carewell/fonts/glyphicons-halflings-regular.woff]
[jituchauhan.com/physiotherapy/carewell/fonts/glyphicons-halflings-regular.ttf]
[jituchauhan.com/physiotherapy/carewell/css/bootstrap.min.css]
[jituchauhan.com/physiotherapy/carewell/fonts/glyphicons-halflings-regular.svg]
[jituchauhan.com/physiotherapy/carewell/images/page-header.jpg]
[jituchauhan.com/physiotherapy/carewell/images/cd-top-arrow.svg]
[jituchauhan.com/physiotherapy/carewell/images/sticky-icon.png]
[jituchauhan.com/physiotherapy/carewell/css/style.css]
[jituchauhan.com/physiotherapy/carewell/css/animsition.min.css]
[jituchauhan.com/physiotherapy/carewell/fonts/fontawesome-webfont5b62.eot]
[jituchauhan.com/physiotherapy/carewell/fonts/fontawesome-webfontd41d.eot]
[jituchauhan.com/physiotherapy/carewell/fonts/fontawesome-webfont5b62.woff2]
[jituchauhan.com/physiotherapy/carewell/fonts/fontawesome-webfont5b62.woff]
[jituchauhan.com/physiotherapy/carewell/fonts/fontawesome-webfont5b62.ttf]
[jituchauhan.com/physiotherapy/carewell/css/font-awesome.min.css]
[jituchauhan.com/physiotherapy/carewell/css/slick.css]
[jituchauhan.com/physiotherapy/carewell/fonts/fontawesome-webfont5b62.svg]
[jituchauhan.com/physiotherapy/carewell/images/ajax-loader.gif]
[jituchauhan.com/physiotherapy/carewell/fonts/slick.eot]
[jituchauhan.com/physiotherapy/carewell/fonts/slickd41d.eot]
[jituchauhan.com/physiotherapy/carewell/fonts/slick.woff]
[jituchauhan.com/physiotherapy/carewell/fonts/slick.ttf]
[jituchauhan.com/physiotherapy/carewell/css/fonts/slick.svg]
[jituchauhan.com/physiotherapy/carewell/css/slick-theme.css]
[jituchauhan.com/physiotherapy/carewell/fonts/fontello4cd1.eot]
[jituchauhan.com/physiotherapy/carewell/fonts/fontello4cd1.woff2]
[jituchauhan.com/physiotherapy/carewell/fonts/fontello4cd1.woff]
[jituchauhan.com/physiotherapy/carewell/fonts/fontello4cd1.ttf]
[jituchauhan.com/physiotherapy/carewell/css/fontello.css]
[jituchauhan.com/physiotherapy/carewell/fonts/fontello4cd1.svg]
[jituchauhan.com/physiotherapy/carewell/images/logo-transparent.png]
[jituchauhan.com/physiotherapy/carewell/images/slider-v2-1.jpg]
[jituchauhan.com/physiotherapy/carewell/images/cmt-pic-1.jpg]
[jituchauhan.com/physiotherapy/carewell/images/cmt-pic-2.jpg]
[jituchauhan.com/physiotherapy/carewell/images/cmt-pic-4.jpg]
[jituchauhan.com/physiotherapy/carewell/index.html]
[jituchauhan.com/physiotherapy/carewell/images/history.jpg]
[jituchauhan.com/physiotherapy/carewell/about-us.html]
[jituchauhan.com/physiotherapy/carewell/images/about-pic-1.jpg]
[jituchauhan.com/physiotherapy/carewell/images/about-pic-2.jpg]
[jituchauhan.com/physiotherapy/carewell/images/about-pic-3.jpg]
[jituchauhan.com/physiotherapy/carewell/about-us.html]
[jituchauhan.com/physiotherapy/carewell/service-listing-image.html]
[jituchauhan.com/physiotherapy/carewell/images/service-home-health-care.jpg]
[jituchauhan.com/physiotherapy/carewell/images/widget-call.jpg]
[jituchauhan.com/physiotherapy/carewell/service-home-health-care.html]
[jituchauhan.com/physiotherapy/carewell/images/service-pediatric-care.jpg]
[jituchauhan.com/physiotherapy/carewell/service-pediatric-care.html]
[jituchauhan.com/physiotherapy/carewell/images/service-companion.jpg]
[jituchauhan.com/physiotherapy/carewell/service-companion-care.html]
[jituchauhan.com/physiotherapy/carewell/Complex-Needs.html]
[jituchauhan.com/physiotherapy/carewell/images/staff-1.jpg]
[jituchauhan.com/physiotherapy/carewell/images/staff-2.jpg]
[jituchauhan.com/physiotherapy/carewell/images/staff-3.jpg]
[jituchauhan.com/physiotherapy/carewell/images/staff-4.jpg]
[jituchauhan.com/physiotherapy/carewell/images/staff-5.jpg]
[jituchauhan.com/physiotherapy/carewell/images/staff-6.jpg]
[jituchauhan.com/physiotherapy/carewell/images/staff-7.jpg]
[jituchauhan.com/physiotherapy/carewell/images/staff-8.jpg]
[jituchauhan.com/physiotherapy/carewell/js/modernizr.js]
[jituchauhan.com/physiotherapy/carewell/team-listing.html]
[jituchauhan.com/physiotherapy/carewell/js/team-overlay.js]
[jituchauhan.com/physiotherapy/carewell/images/staff-big.jpg]
[jituchauhan.com/physiotherapy/carewell/team-detail.html]
[jituchauhan.com/physiotherapy/carewell/images/post-pic.jpg]
[jituchauhan.com/physiotherapy/carewell/images/post-pic-1.jpg]
[jituchauhan.com/physiotherapy/carewell/images/post-pic-2.jpg]
[jituchauhan.com/physiotherapy/carewell/images/post-pic-3.jpg]
[jituchauhan.com/physiotherapy/carewell/blog.html]
[jituchauhan.com/physiotherapy/carewell/js/post-slider.js]
[jituchauhan.com/physiotherapy/carewell/images/alignright.jpg]
[jituchauhan.com/physiotherapy/carewell/images/alignleft.jpg]
[jituchauhan.com/physiotherapy/carewell/images/author-pic.jpg]
[jituchauhan.com/physiotherapy/carewell/images/cmt-pic-3.jpg]
[jituchauhan.com/physiotherapy/carewell/blog-detail.html]
[jituchauhan.com/physiotherapy/carewell/images/career-1.jpg]
[jituchauhan.com/physiotherapy/carewell/images/career-2.jpg]
[jituchauhan.com/physiotherapy/carewell/career-list.html]
[jituchauhan.com/physiotherapy/carewell/career-details.html]
[jituchauhan.com/physiotherapy/carewell/fees.html]
[jituchauhan.com/physiotherapy/carewell/images/faq.jpg]
[jituchauhan.com/physiotherapy/carewell/faq.html]
[jituchauhan.com/physiotherapy/carewell/partner.html]
[jituchauhan.com/physiotherapy/carewell/testimonials.html]
[jituchauhan.com/physiotherapy/carewell/images/error-logo.png]
[jituchauhan.com/physiotherapy/carewell/error-page.html]
[jituchauhan.com/physiotherapy/carewell/shortcodes-accordion.html]
[jituchauhan.com/physiotherapy/carewell/js/accordion.js]
[jituchauhan.com/physiotherapy/carewell/images/tab-pic.jpg]
[jituchauhan.com/physiotherapy/carewell/images/tab-pic-1.jpg]
[jituchauhan.com/physiotherapy/carewell/shortcodes-tabs.html]
[jituchauhan.com/physiotherapy/carewell/shortcodes-alerts.html]
[jituchauhan.com/physiotherapy/carewell/shortcodes-columns.html]
[jituchauhan.com/physiotherapy/carewell/shortcodes-buttons.html]
[jituchauhan.com/physiotherapy/carewell/contact-us.html]
[jituchauhan.com/physiotherapy/carewell/location.html]
[jituchauhan.com/physiotherapy/carewell/repair-team.html]
[jituchauhan.com/physiotherapy/carewell/service-companion-care-2.html]
[jituchauhan.com/physiotherapy/carewell/js/location.js]
[jituchauhan.com/physiotherapy/carewell/images/service-condition-care.jpg]
[jituchauhan.com/physiotherapy/carewell/service-companions-care.html]
[jituchauhan.com/physiotherapy/carewell/service-conditions.html]
[jituchauhan.com/physiotherapy/carewell/fonts/glyphicons-halflings-regular.svg]
[jituchauhan.com/physiotherapy/carewell/images/cd-top-arrow.svg]
[jituchauhan.com/physiotherapy/carewell/fonts/fontawesome-webfont5b62.svg]
[jituchauhan.com/physiotherapy/carewell/css/fonts/slick.html]
[jituchauhan.com/physiotherapy/carewell/fonts/fontello4cd1.svg]
[jituchauhan.com/physiotherapy/carewell/service-companions-care.html]
